<nav class="join">
  <a class="join-item btn btn-disabled" href="#">
  « First
</a><a class="join-item btn btn-disabled" href="#">
  ‹ Prev
</a><a class="join-item btn btn-active" href="#">
  1
</a><a class="join-item btn" href="#">
  2
</a><a class="join-item btn" href="#">
  3
</a><a class="join-item btn btn-disabled" href="#">
  …
</a><a class="join-item btn" href="#">
  11
</a><a class="join-item btn" href="#">
  12
</a><a class="join-item btn" href="#">
  13
</a><a class="join-item btn" href="#">
  Next ›
</a><a class="join-item btn" href="#">
  Last »
</a>
</nav>