<dl class="">
  <dl class="md:flex md:gap-4 mb-2">
  <dt class="label w-1/4">
  Term 1
</dt><dd class="w-3/4">
  Description 1
</dd>
</dl><dl class="md:flex md:gap-4 mb-2">
  <dt class="label w-1/4">
  Term 2
</dt><dd class="w-3/4">
  Description 2
</dd>
</dl><dl class="md:flex md:gap-4 mb-2">
  <dt class="label w-1/4">
  Term 3
</dt><dd class="w-3/4">
  Description 3
</dd>
</dl>
</dl>